------------------------------------------------------------
Timing Analyzer Summary
------------------------------------------------------------

Type  : Slow 1200mV 85C Model Setup 'oneHzclock:oneHzclock_inst|divideXN:div1000L|OUT'
Slack : -1.603
TNS   : -16.754

Type  : Slow 1200mV 85C Model Setup 'oneHzclock:oneHzclock_inst|divideXN:div10|OUT'
Slack : -1.479
TNS   : -16.050

Type  : Slow 1200mV 85C Model Setup 'oneHzclock:oneHzclock_inst|divideXN:div5|OUT'
Slack : -0.263
TNS   : -0.821

Type  : Slow 1200mV 85C Model Setup 'clock_sig'
Slack : -0.205
TNS   : -0.567

Type  : Slow 1200mV 85C Model Setup 'OnOff_sig'
Slack : 0.298
TNS   : 0.000

Type  : Slow 1200mV 85C Model Hold 'oneHzclock:oneHzclock_inst|divideXN:div5|OUT'
Slack : 0.342
TNS   : 0.000

Type  : Slow 1200mV 85C Model Hold 'clock_sig'
Slack : 0.343
TNS   : 0.000

Type  : Slow 1200mV 85C Model Hold 'OnOff_sig'
Slack : 0.393
TNS   : 0.000

Type  : Slow 1200mV 85C Model Hold 'oneHzclock:oneHzclock_inst|divideXN:div10|OUT'
Slack : 0.433
TNS   : 0.000

Type  : Slow 1200mV 85C Model Hold 'oneHzclock:oneHzclock_inst|divideXN:div1000L|OUT'
Slack : 0.639
TNS   : 0.000

Type  : Slow 1200mV 85C Model Minimum Pulse Width 'clock_sig'
Slack : -3.000
TNS   : -8.612

Type  : Slow 1200mV 85C Model Minimum Pulse Width 'OnOff_sig'
Slack : -3.000
TNS   : -4.403

Type  : Slow 1200mV 85C Model Minimum Pulse Width 'oneHzclock:oneHzclock_inst|divideXN:div1000L|OUT'
Slack : -1.403
TNS   : -15.433

Type  : Slow 1200mV 85C Model Minimum Pulse Width 'oneHzclock:oneHzclock_inst|divideXN:div10|OUT'
Slack : -1.403
TNS   : -15.433

Type  : Slow 1200mV 85C Model Minimum Pulse Width 'oneHzclock:oneHzclock_inst|divideXN:div5|OUT'
Slack : -1.403
TNS   : -7.015

Type  : Slow 1200mV 0C Model Setup 'oneHzclock:oneHzclock_inst|divideXN:div1000L|OUT'
Slack : -1.390
TNS   : -14.467

Type  : Slow 1200mV 0C Model Setup 'oneHzclock:oneHzclock_inst|divideXN:div10|OUT'
Slack : -1.287
TNS   : -13.935

Type  : Slow 1200mV 0C Model Setup 'oneHzclock:oneHzclock_inst|divideXN:div5|OUT'
Slack : -0.145
TNS   : -0.393

Type  : Slow 1200mV 0C Model Setup 'clock_sig'
Slack : -0.101
TNS   : -0.263

Type  : Slow 1200mV 0C Model Setup 'OnOff_sig'
Slack : 0.361
TNS   : 0.000

Type  : Slow 1200mV 0C Model Hold 'clock_sig'
Slack : 0.306
TNS   : 0.000

Type  : Slow 1200mV 0C Model Hold 'oneHzclock:oneHzclock_inst|divideXN:div5|OUT'
Slack : 0.306
TNS   : 0.000

Type  : Slow 1200mV 0C Model Hold 'OnOff_sig'
Slack : 0.354
TNS   : 0.000

Type  : Slow 1200mV 0C Model Hold 'oneHzclock:oneHzclock_inst|divideXN:div10|OUT'
Slack : 0.398
TNS   : 0.000

Type  : Slow 1200mV 0C Model Hold 'oneHzclock:oneHzclock_inst|divideXN:div1000L|OUT'
Slack : 0.588
TNS   : 0.000

Type  : Slow 1200mV 0C Model Minimum Pulse Width 'clock_sig'
Slack : -3.000
TNS   : -8.612

Type  : Slow 1200mV 0C Model Minimum Pulse Width 'OnOff_sig'
Slack : -3.000
TNS   : -4.403

Type  : Slow 1200mV 0C Model Minimum Pulse Width 'oneHzclock:oneHzclock_inst|divideXN:div1000L|OUT'
Slack : -1.403
TNS   : -15.433

Type  : Slow 1200mV 0C Model Minimum Pulse Width 'oneHzclock:oneHzclock_inst|divideXN:div10|OUT'
Slack : -1.403
TNS   : -15.433

Type  : Slow 1200mV 0C Model Minimum Pulse Width 'oneHzclock:oneHzclock_inst|divideXN:div5|OUT'
Slack : -1.403
TNS   : -7.015

Type  : Fast 1200mV 0C Model Setup 'oneHzclock:oneHzclock_inst|divideXN:div1000L|OUT'
Slack : -0.087
TNS   : -0.870

Type  : Fast 1200mV 0C Model Setup 'oneHzclock:oneHzclock_inst|divideXN:div10|OUT'
Slack : -0.032
TNS   : -0.320

Type  : Fast 1200mV 0C Model Setup 'oneHzclock:oneHzclock_inst|divideXN:div5|OUT'
Slack : 0.438
TNS   : 0.000

Type  : Fast 1200mV 0C Model Setup 'clock_sig'
Slack : 0.480
TNS   : 0.000

Type  : Fast 1200mV 0C Model Setup 'OnOff_sig'
Slack : 0.693
TNS   : 0.000

Type  : Fast 1200mV 0C Model Hold 'clock_sig'
Slack : 0.147
TNS   : 0.000

Type  : Fast 1200mV 0C Model Hold 'oneHzclock:oneHzclock_inst|divideXN:div5|OUT'
Slack : 0.147
TNS   : 0.000

Type  : Fast 1200mV 0C Model Hold 'OnOff_sig'
Slack : 0.169
TNS   : 0.000

Type  : Fast 1200mV 0C Model Hold 'oneHzclock:oneHzclock_inst|divideXN:div10|OUT'
Slack : 0.173
TNS   : 0.000

Type  : Fast 1200mV 0C Model Hold 'oneHzclock:oneHzclock_inst|divideXN:div1000L|OUT'
Slack : 0.247
TNS   : 0.000

Type  : Fast 1200mV 0C Model Minimum Pulse Width 'clock_sig'
Slack : -3.000
TNS   : -7.232

Type  : Fast 1200mV 0C Model Minimum Pulse Width 'OnOff_sig'
Slack : -3.000
TNS   : -4.095

Type  : Fast 1200mV 0C Model Minimum Pulse Width 'oneHzclock:oneHzclock_inst|divideXN:div1000L|OUT'
Slack : -1.000
TNS   : -11.000

Type  : Fast 1200mV 0C Model Minimum Pulse Width 'oneHzclock:oneHzclock_inst|divideXN:div10|OUT'
Slack : -1.000
TNS   : -11.000

Type  : Fast 1200mV 0C Model Minimum Pulse Width 'oneHzclock:oneHzclock_inst|divideXN:div5|OUT'
Slack : -1.000
TNS   : -5.000

------------------------------------------------------------
